I'm sorry, but errors were detected in your script. Please correct the
errors listed below, and try again.


File "game/script.rpy", line 131: Line is indented, but the preceding ATL statement does not expect a block. Please check this line's indentation.
    parallel:
    ^

Ren'Py Version: Ren'Py 7.3.5.606
Tue Sep 22 17:14:27 2020
